cd /d/W_24/CSD 2103 (Web)/Practice_Exercise
bash: syntax error near unexpected token `('

rajes@ULTRON-N5 MINGW64 ~ (master)
$ cd D:\W_24\CSD 2103 (Web)
bash: syntax error near unexpected token `('

rajes@ULTRON-N5 MINGW64 ~ (master)
$ cd Practice_Exercise

rajes@ULTRON-N5 MINGW64 ~/Practice_Exercise (master)
$ touch index.html

rajes@ULTRON-N5 MINGW64 ~/Practice_Exercise (master)
$ git add index.html

rajes@ULTRON-N5 MINGW64 ~/Practice_Exercise (master)
$ git commit -m "Edited the file till header tag in html"
Author identity unknown

*** Please tell me who you are.

Run

  git config --global user.email "you@example.com"
  git config --global user.name "Your Name"

to set your account's default identity.
Omit --global to set the identity only in this repository.

fatal: unable to auto-detect email address (got 'rajes@ULTRON-N5.(none)')

rajes@ULTRON-N5 MINGW64 ~/Practice_Exercise (master)
$ git config --global user.email "C0911959@mylambton.ca"

rajes@ULTRON-N5 MINGW64 ~/Practice_Exercise (master)
$ git config --global user.name "Aashim-Salhotra"

rajes@ULTRON-N5 MINGW64 ~/Practice_Exercise (master)
$ git commit -m "Edited the file till header tag in html"
[master (root-commit) 0ef9e80] Edited the file till header tag in html
 1 file changed, 0 insertions(+), 0 deletions(-)
 create mode 100644 index.html

rajes@ULTRON-N5 MINGW64 ~/Practice_Exercise (master)
$ git add index.html

rajes@ULTRON-N5 MINGW64 ~/Practice_Exercise (master)
$ git commit -m "Completed the header portion!"
On branch master
nothing to commit, working tree clean

rajes@ULTRON-N5 MINGW64 ~/Practice_Exercise (master)
$ git status
On branch master
nothing to commit, working tree clean

rajes@ULTRON-N5 MINGW64 ~/Practice_Exercise (master)
$ git add index.html

rajes@ULTRON-N5 MINGW64 ~/Practice_Exercise (master)
$ git commit -m "Edited the header"
On branch master
nothing to commit, working tree clean

rajes@ULTRON-N5 MINGW64 ~/Practice_Exercise (master)
$ git status
On branch master
nothing to commit, working tree clean

rajes@ULTRON-N5 MINGW64 ~/Practice_Exercise (master)
$ git add index.html

rajes@ULTRON-N5 MINGW64 ~/Practice_Exercise (master)
$ git commit -m "added about me section"
On branch master
nothing to commit, working tree clean

rajes@ULTRON-N5 MINGW64 ~/Practice_Exercise (master)
$ git status
On branch master
Changes not staged for commit:
  (use "git add <file>..." to update what will be committed)
  (use "git restore <file>..." to discard changes in working directory)
        modified:   index.html

no changes added to commit (use "git add" and/or "git commit -a")

rajes@ULTRON-N5 MINGW64 ~/Practice_Exercise (master)
$ git status
On branch master
Changes not staged for commit:
  (use "git add <file>..." to update what will be committed)
  (use "git restore <file>..." to discard changes in working directory)
        modified:   index.html

no changes added to commit (use "git add" and/or "git commit -a")

rajes@ULTRON-N5 MINGW64 ~/Practice_Exercise (master)
$ git add index.html

rajes@ULTRON-N5 MINGW64 ~/Practice_Exercise (master)
$ git commit -m "edited the header section"
[master dbee41a] edited the header section
 1 file changed, 24 insertions(+)

rajes@ULTRON-N5 MINGW64 ~/Practice_Exercise (master)
$ git add index.html

rajes@ULTRON-N5 MINGW64 ~/Practice_Exercise (master)
$ git commit -m "added the about me section"
[master 6eec77a] added the about me section
 1 file changed, 9 insertions(+)

rajes@ULTRON-N5 MINGW64 ~/Practice_Exercise (master)
$ git add index.html

rajes@ULTRON-N5 MINGW64 ~/Practice_Exercise (master)
$ git commit -m "added the my portfolio section"
[master cec14af] added the my portfolio section
 1 file changed, 5 insertions(+)

rajes@ULTRON-N5 MINGW64 ~/Practice_Exercise (master)
$ git add index.html

rajes@ULTRON-N5 MINGW64 ~/Practice_Exercise (master)
$ git commit -m "added the first div element"
[master 2486818] added the first div element
 1 file changed, 8 insertions(+)

rajes@ULTRON-N5 MINGW64 ~/Practice_Exercise (master)
$ git add index.html

rajes@ULTRON-N5 MINGW64 ~/Practice_Exercise (master)
$ git commit -m "added the second div element"
[master ea5c25e] added the second div element
 1 file changed, 8 insertions(+)

rajes@ULTRON-N5 MINGW64 ~/Practice_Exercise (master)
$ git add index.html

rajes@ULTRON-N5 MINGW64 ~/Practice_Exercise (master)
$ git commit -m "added the third div element"
[master 733e7fb] added the third div element
 1 file changed, 8 insertions(+)

rajes@ULTRON-N5 MINGW64 ~/Practice_Exercise (master)
$ git add index.html

rajes@ULTRON-N5 MINGW64 ~/Practice_Exercise (master)
$ git commit -m "added the contact me section"
[master 2838b1b] added the contact me section
 1 file changed, 23 insertions(+)

rajes@ULTRON-N5 MINGW64 ~/Practice_Exercise (master)
$ git add index.html

rajes@ULTRON-N5 MINGW64 ~/Practice_Exercise (master)
$ git commit -m "finished the html tages"
[master 68097f9] finished the html tages
 1 file changed, 2 insertions(+), 1 deletion(-)

rajes@ULTRON-N5 MINGW64 ~/Practice_Exercise (master)
$ git add index.html

rajes@ULTRON-N5 MINGW64 ~/Practice_Exercise (master)
$ git commit -m "formatted the whole document"
[master c50a2b1] formatted the whole document
 1 file changed, 81 insertions(+), 72 deletions(-)

rajes@ULTRON-N5 MINGW64 ~/Practice_Exercise (master)
$ git add index.html

rajes@ULTRON-N5 MINGW64 ~/Practice_Exercise (master)
$ git commit -m "added the inline CSS with the style tag"
[master ac7a8c6] added the inline CSS with the style tag
 1 file changed, 130 insertions(+)

rajes@ULTRON-N5 MINGW64 ~/Practice_Exercise (master)
$ git status
On branch master
Untracked files:
  (use "git add <file>..." to include in what will be committed)
        My_picture.jpg
        My_picture02.jpg
        TIMELINE_WALL.jpeg
        font/
        logo_RED.jpg
        quize-5,6_ Aashim Salhotra C0911959.zip

nothing added to commit but untracked files present (use "git add" to track)

rajes@ULTRON-N5 MINGW64 ~/Practice_Exercise (master)
$ git add .

rajes@ULTRON-N5 MINGW64 ~/Practice_Exercise (master)
$ git commit -m "added the required files to the folder"
[master c060186] added the required files to the folder
 6 files changed, 0 insertions(+), 0 deletions(-)
 create mode 100644 My_picture.jpg
 create mode 100644 My_picture02.jpg
 create mode 100644 TIMELINE_WALL.jpeg
 create mode 100644 font/JUSTICE_LEAGUE.ttf
 create mode 100644 logo_RED.jpg
 create mode 100644 quize-5,6_ Aashim Salhotra C0911959.zip

rajes@ULTRON-N5 MINGW64 ~/Practice_Exercise (master)
$ git rm quize-5,6_ Aashim Salhotra C0911959.zip
fatal: pathspec 'quize-5,6_' did not match any files

rajes@ULTRON-N5 MINGW64 ~/Practice_Exercise (master)
$ git rm quize-5,6_\ Aashim\ Salhotra\ C0911959.zip
rm 'quize-5,6_ Aashim Salhotra C0911959.zip'

rajes@ULTRON-N5 MINGW64 ~/Practice_Exercise (master)
$ git status
On branch master
Changes to be committed:
  (use "git restore --staged <file>..." to unstage)
        deleted:    quize-5,6_ Aashim Salhotra C0911959.zip


rajes@ULTRON-N5 MINGW64 ~/Practice_Exercise (master)
$ git commit -m "removed the unwanted file"
[master 48e02e5] removed the unwanted file
 1 file changed, 0 insertions(+), 0 deletions(-)
 delete mode 100644 quize-5,6_ Aashim Salhotra C0911959.zip

rajes@ULTRON-N5 MINGW64 ~/Practice_Exercise (master)
$ git add .

rajes@ULTRON-N5 MINGW64 ~/Practice_Exercise (master)
$ git commit -m "added more files"
[master ebe305a] added more files
 4 files changed, 0 insertions(+), 0 deletions(-)
 create mode 100644 BFy5TuzyBl0-HD.jpg
 create mode 100644 HEROES_THUMBNAIL.jpg
 create mode 100644 MARVEL - THE PLAN.jpg
 create mode 100644 VILLAINS_THUMBNAIL.jpg

rajes@ULTRON-N5 MINGW64 ~/Practice_Exercise (master)
$ git add index.html

rajes@ULTRON-N5 MINGW64 ~/Practice_Exercise (master)
$ git commit -m "changed the paths of files used"
[master c3201f8] changed the paths of files used
 1 file changed, 4 insertions(+), 4 deletions(-)

rajes@ULTRON-N5 MINGW64 ~/Practice_Exercise (master)
$
